Archive member included to satisfy reference by file (symbol)

c:/st/stm32cubeide_1.4.0/stm32cubeide/plugins/com.st.stm32cube.ide.mcu.externaltools.gnu-tools-for-stm32.7-2018-q2-update.win32_1.4.0.202007081208/tools/bin/../lib/gcc/arm-none-eabi/7.3.1/../../../../arm-none-eabi/lib/thumb/v7-m\libc_nano.a(lib_a-errno.o)
                              Src/syscalls.o (__errno)
c:/st/stm32cubeide_1.4.0/stm32cubeide/plugins/com.st.stm32cube.ide.mcu.externaltools.gnu-tools-for-stm32.7-2018-q2-update.win32_1.4.0.202007081208/tools/bin/../lib/gcc/arm-none-eabi/7.3.1/../../../../arm-none-eabi/lib/thumb/v7-m\libc_nano.a(lib_a-exit.o)
                              c:/st/stm32cubeide_1.4.0/stm32cubeide/plugins/com.st.stm32cube.ide.mcu.externaltools.gnu-tools-for-stm32.7-2018-q2-update.win32_1.4.0.202007081208/tools/bin/../lib/gcc/arm-none-eabi/7.3.1/../../../../arm-none-eabi/lib/thumb/v7-m/crt0.o (exit)
c:/st/stm32cubeide_1.4.0/stm32cubeide/plugins/com.st.stm32cube.ide.mcu.externaltools.gnu-tools-for-stm32.7-2018-q2-update.win32_1.4.0.202007081208/tools/bin/../lib/gcc/arm-none-eabi/7.3.1/../../../../arm-none-eabi/lib/thumb/v7-m\libc_nano.a(lib_a-impure.o)
                              c:/st/stm32cubeide_1.4.0/stm32cubeide/plugins/com.st.stm32cube.ide.mcu.externaltools.gnu-tools-for-stm32.7-2018-q2-update.win32_1.4.0.202007081208/tools/bin/../lib/gcc/arm-none-eabi/7.3.1/../../../../arm-none-eabi/lib/thumb/v7-m\libc_nano.a(lib_a-exit.o) (_global_impure_ptr)
c:/st/stm32cubeide_1.4.0/stm32cubeide/plugins/com.st.stm32cube.ide.mcu.externaltools.gnu-tools-for-stm32.7-2018-q2-update.win32_1.4.0.202007081208/tools/bin/../lib/gcc/arm-none-eabi/7.3.1/../../../../arm-none-eabi/lib/thumb/v7-m\libc_nano.a(lib_a-init.o)
                              c:/st/stm32cubeide_1.4.0/stm32cubeide/plugins/com.st.stm32cube.ide.mcu.externaltools.gnu-tools-for-stm32.7-2018-q2-update.win32_1.4.0.202007081208/tools/bin/../lib/gcc/arm-none-eabi/7.3.1/../../../../arm-none-eabi/lib/thumb/v7-m/crt0.o (__libc_init_array)
c:/st/stm32cubeide_1.4.0/stm32cubeide/plugins/com.st.stm32cube.ide.mcu.externaltools.gnu-tools-for-stm32.7-2018-q2-update.win32_1.4.0.202007081208/tools/bin/../lib/gcc/arm-none-eabi/7.3.1/../../../../arm-none-eabi/lib/thumb/v7-m\libc_nano.a(lib_a-memset.o)
                              c:/st/stm32cubeide_1.4.0/stm32cubeide/plugins/com.st.stm32cube.ide.mcu.externaltools.gnu-tools-for-stm32.7-2018-q2-update.win32_1.4.0.202007081208/tools/bin/../lib/gcc/arm-none-eabi/7.3.1/../../../../arm-none-eabi/lib/thumb/v7-m/crt0.o (memset)

Allocating common symbols
Common symbol       size              file

Global_SPI_Config2  0x18              Src/stm32f103x8_SPI_Drver.o
PinCfg              0x4               Src/lcd.o
Global_SPI_Config1  0x18              Src/stm32f103x8_SPI_Drver.o
GP_IRQ_CallBack     0x3c              Src/stm32f103x8_EXTI_driver.o

Discarded input sections

 .text          0x0000000000000000        0x0 c:/st/stm32cubeide_1.4.0/stm32cubeide/plugins/com.st.stm32cube.ide.mcu.externaltools.gnu-tools-for-stm32.7-2018-q2-update.win32_1.4.0.202007081208/tools/bin/../lib/gcc/arm-none-eabi/7.3.1/thumb/v7-m/crti.o
 .data          0x0000000000000000        0x0 c:/st/stm32cubeide_1.4.0/stm32cubeide/plugins/com.st.stm32cube.ide.mcu.externaltools.gnu-tools-for-stm32.7-2018-q2-update.win32_1.4.0.202007081208/tools/bin/../lib/gcc/arm-none-eabi/7.3.1/thumb/v7-m/crti.o
 .bss           0x0000000000000000        0x0 c:/st/stm32cubeide_1.4.0/stm32cubeide/plugins/com.st.stm32cube.ide.mcu.externaltools.gnu-tools-for-stm32.7-2018-q2-update.win32_1.4.0.202007081208/tools/bin/../lib/gcc/arm-none-eabi/7.3.1/thumb/v7-m/crti.o
 .data          0x0000000000000000        0x4 c:/st/stm32cubeide_1.4.0/stm32cubeide/plugins/com.st.stm32cube.ide.mcu.externaltools.gnu-tools-for-stm32.7-2018-q2-update.win32_1.4.0.202007081208/tools/bin/../lib/gcc/arm-none-eabi/7.3.1/thumb/v7-m/crtbegin.o
 .text          0x0000000000000000       0x74 c:/st/stm32cubeide_1.4.0/stm32cubeide/plugins/com.st.stm32cube.ide.mcu.externaltools.gnu-tools-for-stm32.7-2018-q2-update.win32_1.4.0.202007081208/tools/bin/../lib/gcc/arm-none-eabi/7.3.1/../../../../arm-none-eabi/lib/thumb/v7-m/crt0.o
 .data          0x0000000000000000        0x0 c:/st/stm32cubeide_1.4.0/stm32cubeide/plugins/com.st.stm32cube.ide.mcu.externaltools.gnu-tools-for-stm32.7-2018-q2-update.win32_1.4.0.202007081208/tools/bin/../lib/gcc/arm-none-eabi/7.3.1/../../../../arm-none-eabi/lib/thumb/v7-m/crt0.o
 .bss           0x0000000000000000        0x0 c:/st/stm32cubeide_1.4.0/stm32cubeide/plugins/com.st.stm32cube.ide.mcu.externaltools.gnu-tools-for-stm32.7-2018-q2-update.win32_1.4.0.202007081208/tools/bin/../lib/gcc/arm-none-eabi/7.3.1/../../../../arm-none-eabi/lib/thumb/v7-m/crt0.o
[...]
Memory Configuration

Name             Origin             Length             Attributes
RAM              0x0000000020000000 0x0000000000005000 xrw
ROM              0x0000000008000000 0x0000000000010000 xr
*default*        0x0000000000000000 0xffffffffffffffff

Linker script and memory map

LOAD c:/st/stm32cubeide_1.4.0/stm32cubeide/plugins/com.st.stm32cube.ide.mcu.externaltools.gnu-tools-for-stm32.7-2018-q2-update.win32_1.4.0.202007081208/tools/bin/../lib/gcc/arm-none-eabi/7.3.1/thumb/v7-m/crti.o
LOAD c:/st/stm32cubeide_1.4.0/stm32cubeide/plugins/com.st.stm32cube.ide.mcu.externaltools.gnu-tools-for-stm32.7-2018-q2-update.win32_1.4.0.202007081208/tools/bin/../lib/gcc/arm-none-eabi/7.3.1/thumb/v7-m/crtbegin.o
LOAD c:/st/stm32cubeide_1.4.0/stm32cubeide/plugins/com.st.stm32cube.ide.mcu.externaltools.gnu-tools-for-stm32.7-2018-q2-update.win32_1.4.0.202007081208/tools/bin/../lib/gcc/arm-none-eabi/7.3.1/../../../../arm-none-eabi/lib/thumb/v7-m/crt0.o
LOAD Src/I2C_Slave_EEPROM.o
LOAD Src/keypad.o
LOAD Src/lcd.o
LOAD Src/main.o
LOAD Src/stm32f103x8_EXTI_driver.o
LOAD Src/stm32f103x8_I2C_Drver.o
LOAD Src/stm32f103x8_RCC_driver.o
LOAD Src/stm32f103x8_SPI_Drver.o
LOAD Src/stm32f103x8_USART_driver.o
LOAD Src/stm32f103x8_gpio_driver.o
LOAD Src/syscalls.o
LOAD Src/sysmem.o
LOAD Startup/startup_stm32f103c8tx.o
START GROUP
LOAD c:/st/stm32cubeide_1.4.0/stm32cubeide/plugins/com.st.stm32cube.ide.mcu.externaltools.gnu-tools-for-stm32.7-2018-q2-update.win32_1.4.0.202007081208/tools/bin/../lib/gcc/arm-none-eabi/7.3.1/../../../../arm-none-eabi/lib/thumb/v7-m\libc_nano.a
LOAD c:/st/stm32cubeide_1.4.0/stm32cubeide/plugins/com.st.stm32cube.ide.mcu.externaltools.gnu-tools-for-stm32.7-2018-q2-update.win32_1.4.0.202007081208/tools/bin/../lib/gcc/arm-none-eabi/7.3.1/../../../../arm-none-eabi/lib/thumb/v7-m\libm.a
END GROUP
START GROUP
LOAD c:/st/stm32cubeide_1.4.0/stm32cubeide/plugins/com.st.stm32cube.ide.mcu.externaltools.gnu-tools-for-stm32.7-2018-q2-update.win32_1.4.0.202007081208/tools/bin/../lib/gcc/arm-none-eabi/7.3.1/thumb/v7-m\libgcc.a
LOAD c:/st/stm32cubeide_1.4.0/stm32cubeide/plugins/com.st.stm32cube.ide.mcu.externaltools.gnu-tools-for-stm32.7-2018-q2-update.win32_1.4.0.202007081208/tools/bin/../lib/gcc/arm-none-eabi/7.3.1/../../../../arm-none-eabi/lib/thumb/v7-m\libc_nano.a
END GROUP
START GROUP
LOAD c:/st/stm32cubeide_1.4.0/stm32cubeide/plugins/com.st.stm32cube.ide.mcu.externaltools.gnu-tools-for-stm32.7-2018-q2-update.win32_1.4.0.202007081208/tools/bin/../lib/gcc/arm-none-eabi/7.3.1/thumb/v7-m\libgcc.a
LOAD c:/st/stm32cubeide_1.4.0/stm32cubeide/plugins/com.st.stm32cube.ide.mcu.externaltools.gnu-tools-for-stm32.7-2018-q2-update.win32_1.4.0.202007081208/tools/bin/../lib/gcc/arm-none-eabi/7.3.1/../../../../arm-none-eabi/lib/thumb/v7-m\libc_nano.a
LOAD c:/st/stm32cubeide_1.4.0/stm32cubeide/plugins/com.st.stm32cube.ide.mcu.externaltools.gnu-tools-for-stm32.7-2018-q2-update.win32_1.4.0.202007081208/tools/bin/../lib/gcc/arm-none-eabi/7.3.1/../../../../arm-none-eabi/lib/thumb/v7-m\libnosys.a
END GROUP
START GROUP
LOAD c:/st/stm32cubeide_1.4.0/stm32cubeide/plugins/com.st.stm32cube.ide.mcu.externaltools.gnu-tools-for-stm32.7-2018-q2-update.win32_1.4.0.202007081208/tools/bin/../lib/gcc/arm-none-eabi/7.3.1/thumb/v7-m\libgcc.a
LOAD c:/st/stm32cubeide_1.4.0/stm32cubeide/plugins/com.st.stm32cube.ide.mcu.externaltools.gnu-tools-for-stm32.7-2018-q2-update.win32_1.4.0.202007081208/tools/bin/../lib/gcc/arm-none-eabi/7.3.1/../../../../arm-none-eabi/lib/thumb/v7-m\libc_nano.a
LOAD c:/st/stm32cubeide_1.4.0/stm32cubeide/plugins/com.st.stm32cube.ide.mcu.externaltools.gnu-tools-for-stm32.7-2018-q2-update.win32_1.4.0.202007081208/tools/bin/../lib/gcc/arm-none-eabi/7.3.1/../../../../arm-none-eabi/lib/thumb/v7-m\libnosys.a
END GROUP
LOAD c:/st/stm32cubeide_1.4.0/stm32cubeide/plugins/com.st.stm32cube.ide.mcu.externaltools.gnu-tools-for-stm32.7-2018-q2-update.win32_1.4.0.202007081208/tools/bin/../lib/gcc/arm-none-eabi/7.3.1/thumb/v7-m/crtend.o
LOAD c:/st/stm32cubeide_1.4.0/stm32cubeide/plugins/com.st.stm32cube.ide.mcu.externaltools.gnu-tools-for-stm32.7-2018-q2-update.win32_1.4.0.202007081208/tools/bin/../lib/gcc/arm-none-eabi/7.3.1/thumb/v7-m/crtn.o
                0x0000000020005000                _estack = (ORIGIN (RAM) + LENGTH (RAM))
                0x0000000000000200                _Min_Heap_Size = 0x200
                0x0000000000000400                _Min_Stack_Size = 0x400

.isr_vector     0x0000000008000000      0x130
                0x0000000008000000                . = ALIGN (0x4)
 *(.isr_vector)
 .isr_vector    0x0000000008000000      0x130 Startup/startup_stm32f103c8tx.o
                0x0000000008000000                g_pfnVectors
                0x0000000008000130                . = ALIGN (0x4)

.text           0x0000000008000130      0xcc8
                0x0000000008000130                . = ALIGN (0x4)
 *(.text)
 .text          0x0000000008000130       0x40 c:/st/stm32cubeide_1.4.0/stm32cubeide/plugins/com.st.stm32cube.ide.mcu.externaltools.gnu-tools-for-stm32.7-2018-q2-update.win32_1.4.0.202007081208/tools/bin/../lib/gcc/arm-none-eabi/7.3.1/thumb/v7-m/crtbegin.o
 *(.text*)
 .text.SWITCH_ACCESS_LEVEL
                0x0000000008000170       0x40 Src/main.o
                0x0000000008000170                SWITCH_ACCESS_LEVEL
 .text.EXTI9_CALLBACK
                0x00000000080001b0       0x18 Src/main.o
                0x00000000080001b0                EXTI9_CALLBACK
 .text.NMI_Handler
                0x00000000080001c8        0xc Src/main.o
                0x00000000080001c8                NMI_Handler
 .text.HardFault_Handler
                0x00000000080001d4        0xc Src/main.o
                0x00000000080001d4                HardFault_Handler
 .text.MemManage_Handler
                0x00000000080001e0        0xc Src/main.o
                0x00000000080001e0                MemManage_Handler
 .text.BusFault_Handler
                0x00000000080001ec        0xc Src/main.o
                0x00000000080001ec                BusFault_Handler
 .text.UsageFault_Handler
                0x00000000080001f8        0xc Src/main.o
                0x00000000080001f8                UsageFault_Handler
 .text.SVC_Handler
                0x0000000008000204        0xc Src/main.o
                0x0000000008000204                SVC_Handler
 .text.DebugMon_Handler
                0x0000000008000210        0xc Src/main.o
                0x0000000008000210                DebugMon_Handler
 .text.PendSV_Handler
                0x000000000800021c        0xc Src/main.o
                0x000000000800021c                PendSV_Handler
 .text.main     0x0000000008000228       0x74 Src/main.o
                0x0000000008000228                main
 .text.Enable_NVIC
                0x000000000800029c       0xcc Src/stm32f103x8_EXTI_driver.o
                0x000000000800029c                Enable_NVIC
 .text.Disable_NVIC
                0x0000000008000368       0xcc Src/stm32f103x8_EXTI_driver.o
                0x0000000008000368                Disable_NVIC
 .text.Update_EXTI
                0x0000000008000434      0x1d8 Src/stm32f103x8_EXTI_driver.o
                0x0000000008000434                Update_EXTI
 .text.MCAL_EXTI_GPIO_Init
                0x000000000800060c       0x16 Src/stm32f103x8_EXTI_driver.o
                0x000000000800060c                MCAL_EXTI_GPIO_Init
 *fill*         0x0000000008000622        0x2 
 .text.EXTI0_IRQHandler
                0x0000000008000624       0x24 Src/stm32f103x8_EXTI_driver.o
                0x0000000008000624                EXTI0_IRQHandler
 .text.EXTI1_IRQHandler
                0x0000000008000648       0x24 Src/stm32f103x8_EXTI_driver.o
                0x0000000008000648                EXTI1_IRQHandler
 .text.EXTI2_IRQHandler
                0x000000000800066c       0x24 Src/stm32f103x8_EXTI_driver.o
                0x000000000800066c                EXTI2_IRQHandler
 .text.EXTI3_IRQHandler
                0x0000000008000690       0x24 Src/stm32f103x8_EXTI_driver.o
                0x0000000008000690                EXTI3_IRQHandler
 .text.EXTI4_IRQHandler
                0x00000000080006b4       0x24 Src/stm32f103x8_EXTI_driver.o
                0x00000000080006b4                EXTI4_IRQHandler
 .text.EXTI9_5_IRQHandler
                0x00000000080006d8       0xa8 Src/stm32f103x8_EXTI_driver.o
                0x00000000080006d8                EXTI9_5_IRQHandler
 .text.EXTI15_10_IRQHandler
                0x0000000008000780       0xc4 Src/stm32f103x8_EXTI_driver.o
                0x0000000008000780                EXTI15_10_IRQHandler
 .text.I2C1_ER_IRQHandler
                0x0000000008000844        0xc Src/stm32f103x8_I2C_Drver.o
                0x0000000008000844                I2C1_ER_IRQHandler
 .text.I2C1_EV_IRQHandler
                0x0000000008000850       0xec Src/stm32f103x8_I2C_Drver.o
                0x0000000008000850                I2C1_EV_IRQHandler
 .text.Slave_States
                0x000000000800093c       0xe0 Src/stm32f103x8_I2C_Drver.o
                0x000000000800093c                Slave_States
 .text.I2C2_ER_IRQHandler
                0x0000000008000a1c        0xc Src/stm32f103x8_I2C_Drver.o
                0x0000000008000a1c                I2C2_ER_IRQHandler
 .text.I2C2_EV_IRQHandler
                0x0000000008000a28        0xc Src/stm32f103x8_I2C_Drver.o
                0x0000000008000a28                I2C2_EV_IRQHandler
 .text.SPI1_IRQHandler
                0x0000000008000a34       0x5c Src/stm32f103x8_SPI_Drver.o
                0x0000000008000a34                SPI1_IRQHandler
 .text.SPI2_IRQHandler
                0x0000000008000a90       0x5c Src/stm32f103x8_SPI_Drver.o
                0x0000000008000a90                SPI2_IRQHandler
 .text.USART1_IRQHandler
                0x0000000008000aec       0x14 Src/stm32f103x8_USART_driver.o
                0x0000000008000aec                USART1_IRQHandler
 .text.USART2_IRQHandler
                0x0000000008000b00       0x14 Src/stm32f103x8_USART_driver.o
                0x0000000008000b00                USART2_IRQHandler
 .text.USART3_IRQHandler
                0x0000000008000b14       0x14 Src/stm32f103x8_USART_driver.o
                0x0000000008000b14                USART3_IRQHandler
 .text.Get_CRLH_Position
                0x0000000008000b28       0xc6 Src/stm32f103x8_gpio_driver.o
                0x0000000008000b28                Get_CRLH_Position
 .text.MCAL_GPIO_Init
                0x0000000008000bee      0x154 Src/stm32f103x8_gpio_driver.o
                0x0000000008000bee                MCAL_GPIO_Init
 *fill*         0x0000000008000d42        0x2 
 .text.Reset_Handler
                0x0000000008000d44       0x50 Startup/startup_stm32f103c8tx.o
                0x0000000008000d44                Reset_Handler
 .text.Default_Handler
                0x0000000008000d94        0x2 Startup/startup_stm32f103c8tx.o
                0x0000000008000d94                TIM8_TRG_COM_IRQHandler
                0x0000000008000d94                TIM8_CC_IRQHandler
                0x0000000008000d94                TIM1_CC_IRQHandler
                0x0000000008000d94                TIM6_IRQHandler
                0x0000000008000d94                SysTick_Handler
                0x0000000008000d94                PVD_IRQHandler
                0x0000000008000d94                SDIO_IRQHandler
                0x0000000008000d94                USB_HP_CAN_TX_IRQHandler
                0x0000000008000d94                ADC1_2_IRQHandler
                0x0000000008000d94                CAN_SCE_IRQHandler
                0x0000000008000d94                TAMPER_IRQHandler
                0x0000000008000d94                TIM8_UP_IRQHandler
                0x0000000008000d94                DMA2_Channel2_IRQHandler
                0x0000000008000d94                DMA1_Channel4_IRQHandler
                0x0000000008000d94                RTC_IRQHandler
                0x0000000008000d94                DMA1_Channel7_IRQHandler
                0x0000000008000d94                UART5_IRQHandler
                0x0000000008000d94                ADC3_IRQHandler
                0x0000000008000d94                TIM4_IRQHandler
                0x0000000008000d94                CAN_RX1_IRQHandler
                0x0000000008000d94                DMA2_Channel1_IRQHandler
                0x0000000008000d94                DMA1_Channel6_IRQHandler
                0x0000000008000d94                UART4_IRQHandler
                0x0000000008000d94                TIM3_IRQHandler
                0x0000000008000d94                RCC_IRQHandler
                0x0000000008000d94                TIM1_TRG_COM_IRQHandler
                0x0000000008000d94                DMA1_Channel1_IRQHandler
                0x0000000008000d94                Default_Handler
                0x0000000008000d94                TIM7_IRQHandler
                0x0000000008000d94                TIM5_IRQHandler
                0x0000000008000d94                USB_LP_CAN_RX0_IRQHandler
                0x0000000008000d94                DMA1_Channel5_IRQHandler
                0x0000000008000d94                DMA1_Channel3_IRQHandler
                0x0000000008000d94                FSMC_IRQHandler
                0x0000000008000d94                TIM1_UP_IRQHandler
                0x0000000008000d94                WWDG_IRQHandler
                0x0000000008000d94                TIM2_IRQHandler
                0x0000000008000d94                TIM1_BRK_IRQHandler
                0x0000000008000d94                RTCAlarm_IRQHandler
                0x0000000008000d94                DMA2_Channel4_5_IRQHandler
                0x0000000008000d94                DMA1_Channel2_IRQHandler
                0x0000000008000d94                TIM8_BRK_IRQHandler
                0x0000000008000d94                FLASH_IRQHandler
                0x0000000008000d94                SPI3_IRQHandler
                0x0000000008000d94                DMA2_Channel3_IRQHandler
 *fill*         0x0000000008000d96        0x2 
 .text.__libc_init_array
                0x0000000008000d98       0x48 c:/st/stm32cubeide_1.4.0/stm32cubeide/plugins/com.st.stm32cube.ide.mcu.externaltools.gnu-tools-for-stm32.7-2018-q2-update.win32_1.4.0.202007081208/tools/bin/../lib/gcc/arm-none-eabi/7.3.1/../../../../arm-none-eabi/lib/thumb/v7-m\libc_nano.a(lib_a-init.o)
                0x0000000008000d98                __libc_init_array
 *(.glue_7)
 .glue_7        0x0000000008000de0        0x0 linker stubs
 *(.glue_7t)
 .glue_7t       0x0000000008000de0        0x0 linker stubs
 *(.eh_frame)
 .eh_frame      0x0000000008000de0        0x0 c:/st/stm32cubeide_1.4.0/stm32cubeide/plugins/com.st.stm32cube.ide.mcu.externaltools.gnu-tools-for-stm32.7-2018-q2-update.win32_1.4.0.202007081208/tools/bin/../lib/gcc/arm-none-eabi/7.3.1/thumb/v7-m/crtbegin.o
 *(.init)
 .init          0x0000000008000de0        0x4 c:/st/stm32cubeide_1.4.0/stm32cubeide/plugins/com.st.stm32cube.ide.mcu.externaltools.gnu-tools-for-stm32.7-2018-q2-update.win32_1.4.0.202007081208/tools/bin/../lib/gcc/arm-none-eabi/7.3.1/thumb/v7-m/crti.o
                0x0000000008000de0                _init
 .init          0x0000000008000de4        0x8 c:/st/stm32cubeide_1.4.0/stm32cubeide/plugins/com.st.stm32cube.ide.mcu.externaltools.gnu-tools-for-stm32.7-2018-q2-update.win32_1.4.0.202007081208/tools/bin/../lib/gcc/arm-none-eabi/7.3.1/thumb/v7-m/crtn.o
 *(.fini)
 .fini          0x0000000008000dec        0x4 c:/st/stm32cubeide_1.4.0/stm32cubeide/plugins/com.st.stm32cube.ide.mcu.externaltools.gnu-tools-for-stm32.7-2018-q2-update.win32_1.4.0.202007081208/tools/bin/../lib/gcc/arm-none-eabi/7.3.1/thumb/v7-m/crti.o
                0x0000000008000dec                _fini
 .fini          0x0000000008000df0        0x8 c:/st/stm32cubeide_1.4.0/stm32cubeide/plugins/com.st.stm32cube.ide.mcu.externaltools.gnu-tools-for-stm32.7-2018-q2-update.win32_1.4.0.202007081208/tools/bin/../lib/gcc/arm-none-eabi/7.3.1/thumb/v7-m/crtn.o
                0x0000000008000df8                . = ALIGN (0x4)
                0x0000000008000df8                _etext = .

.vfp11_veneer   0x0000000008000df8        0x0
 .vfp11_veneer  0x0000000008000df8        0x0 linker stubs

.v4_bx          0x0000000008000df8        0x0
 .v4_bx         0x0000000008000df8        0x0 linker stubs

.iplt           0x0000000008000df8        0x0
 .iplt          0x0000000008000df8        0x0 c:/st/stm32cubeide_1.4.0/stm32cubeide/plugins/com.st.stm32cube.ide.mcu.externaltools.gnu-tools-for-stm32.7-2018-q2-update.win32_1.4.0.202007081208/tools/bin/../lib/gcc/arm-none-eabi/7.3.1/thumb/v7-m/crtbegin.o

.rodata         0x0000000008000df8        0xc
                0x0000000008000df8                . = ALIGN (0x4)
 *(.rodata)
 .rodata        0x0000000008000df8        0xc Src/main.o
 *(.rodata*)
                0x0000000008000e04                . = ALIGN (0x4)

.rel.dyn        0x0000000008000e04        0x0
 .rel.iplt      0x0000000008000e04        0x0 c:/st/stm32cubeide_1.4.0/stm32cubeide/plugins/com.st.stm32cube.ide.mcu.externaltools.gnu-tools-for-stm32.7-2018-q2-update.win32_1.4.0.202007081208/tools/bin/../lib/gcc/arm-none-eabi/7.3.1/thumb/v7-m/crtbegin.o

.ARM.extab      0x0000000008000e04        0x0
                0x0000000008000e04                . = ALIGN (0x4)
 *(.ARM.extab* .gnu.linkonce.armextab.*)
                0x0000000008000e04                . = ALIGN (0x4)

.ARM            0x0000000008000e04        0x0
                0x0000000008000e04                . = ALIGN (0x4)
                0x0000000008000e04                __exidx_start = .
 *(.ARM.exidx*)
                0x0000000008000e04                __exidx_end = .
                0x0000000008000e04                . = ALIGN (0x4)

.preinit_array  0x0000000008000e04        0x0
                0x0000000008000e04                . = ALIGN (0x4)
                0x0000000008000e04                PROVIDE (__preinit_array_start = .)
 *(.preinit_array*)
                0x0000000008000e04                PROVIDE (__preinit_array_end = .)
                0x0000000008000e04                . = ALIGN (0x4)

.init_array     0x0000000008000e04        0x4
                0x0000000008000e04                . = ALIGN (0x4)
                0x0000000008000e04                PROVIDE (__init_array_start = .)
 *(SORT_BY_NAME(.init_array.*))
 *(.init_array*)
 .init_array    0x0000000008000e04        0x4 c:/st/stm32cubeide_1.4.0/stm32cubeide/plugins/com.st.stm32cube.ide.mcu.externaltools.gnu-tools-for-stm32.7-2018-q2-update.win32_1.4.0.202007081208/tools/bin/../lib/gcc/arm-none-eabi/7.3.1/thumb/v7-m/crtbegin.o
                0x0000000008000e08                PROVIDE (__init_array_end = .)
                0x0000000008000e08                . = ALIGN (0x4)

.fini_array     0x0000000008000e08        0x4
                0x0000000008000e08                . = ALIGN (0x4)
                [!provide]                        PROVIDE (__fini_array_start = .)
 *(SORT_BY_NAME(.fini_array.*))
 *(.fini_array*)
 .fini_array    0x0000000008000e08        0x4 c:/st/stm32cubeide_1.4.0/stm32cubeide/plugins/com.st.stm32cube.ide.mcu.externaltools.gnu-tools-for-stm32.7-2018-q2-update.win32_1.4.0.202007081208/tools/bin/../lib/gcc/arm-none-eabi/7.3.1/thumb/v7-m/crtbegin.o
                [!provide]                        PROVIDE (__fini_array_end = .)
                0x0000000008000e0c                . = ALIGN (0x4)
                0x0000000008000e0c                _sidata = LOADADDR (.data)

.data           0x0000000020000000        0x0 load address 0x0000000008000e0c
                0x0000000020000000                . = ALIGN (0x4)
                0x0000000020000000                _sdata = .
 *(.data)
 *(.data*)
                0x0000000020000000                . = ALIGN (0x4)
                0x0000000020000000                _edata = .

.igot.plt       0x0000000020000000        0x0 load address 0x0000000008000e0c
 .igot.plt      0x0000000020000000        0x0 c:/st/stm32cubeide_1.4.0/stm32cubeide/plugins/com.st.stm32cube.ide.mcu.externaltools.gnu-tools-for-stm32.7-2018-q2-update.win32_1.4.0.202007081208/tools/bin/../lib/gcc/arm-none-eabi/7.3.1/thumb/v7-m/crtbegin.o
                0x0000000020000000                . = ALIGN (0x4)

.bss            0x0000000020000000       0xb0 load address 0x0000000008000e0c
                0x0000000020000000                _sbss = .
                0x0000000020000000                __bss_start__ = _sbss
 *(.bss)
 .bss           0x0000000020000000       0x1c c:/st/stm32cubeide_1.4.0/stm32cubeide/plugins/com.st.stm32cube.ide.mcu.externaltools.gnu-tools-for-stm32.7-2018-q2-update.win32_1.4.0.202007081208/tools/bin/../lib/gcc/arm-none-eabi/7.3.1/thumb/v7-m/crtbegin.o
 *(.bss*)
 .bss.IRQ_Flag  0x000000002000001c        0x1 Src/main.o
                0x000000002000001c                IRQ_Flag
 *fill*         0x000000002000001d        0x3 
 .bss.Global_I2C_Config
                0x0000000020000020       0x48 Src/stm32f103x8_I2C_Drver.o
                0x0000000020000020                Global_I2C_Config
 .bss.Global_SPI_Config
                0x0000000020000068        0x8 Src/stm32f103x8_SPI_Drver.o
                0x0000000020000068                Global_SPI_Config
 .bss.Global_UART_Config
                0x0000000020000070        0x4 Src/stm32f103x8_USART_driver.o
                0x0000000020000070                Global_UART_Config
 *(COMMON)
 COMMON         0x0000000020000074       0x3c Src/stm32f103x8_EXTI_driver.o
                0x0000000020000074                GP_IRQ_CallBack
                0x00000000200000b0                . = ALIGN (0x4)
                0x00000000200000b0                _ebss = .
                0x00000000200000b0                __bss_end__ = _ebss

._user_heap_stack
                0x00000000200000b0      0x600 load address 0x0000000008000e0c
                0x00000000200000b0                . = ALIGN (0x8)
                [!provide]                        PROVIDE (end = .)
                0x00000000200000b0                PROVIDE (_end = .)
                0x00000000200002b0                . = (. + _Min_Heap_Size)
 *fill*         0x00000000200000b0      0x200 
                0x00000000200006b0                . = (. + _Min_Stack_Size)
 *fill*         0x00000000200002b0      0x400 
                0x00000000200006b0                . = ALIGN (0x8)

/DISCARD/
 libc.a(*)
 libm.a(*)
 libgcc.a(*)

.ARM.attributes
                0x0000000000000000       0x29
 *(.ARM.attributes)
 .ARM.attributes
                0x0000000000000000       0x1d c:/st/stm32cubeide_1.4.0/stm32cubeide/plugins/com.st.stm32cube.ide.mcu.externaltools.gnu-tools-for-stm32.7-2018-q2-update.win32_1.4.0.202007081208/tools/bin/../lib/gcc/arm-none-eabi/7.3.1/thumb/v7-m/crti.o
 .ARM.attributes
                0x000000000000001d       0x2d c:/st/stm32cubeide_1.4.0/stm32cubeide/plugins/com.st.stm32cube.ide.mcu.externaltools.gnu-tools-for-stm32.7-2018-q2-update.win32_1.4.0.202007081208/tools/bin/../lib/gcc/arm-none-eabi/7.3.1/thumb/v7-m/crtbegin.o
 .ARM.attributes
                0x000000000000004a       0x33 Src/main.o
 .ARM.attributes
                0x000000000000007d       0x33 Src/stm32f103x8_EXTI_driver.o
 .ARM.attributes
                0x00000000000000b0       0x33 Src/stm32f103x8_I2C_Drver.o
 .ARM.attributes
                0x00000000000000e3       0x33 Src/stm32f103x8_SPI_Drver.o
 .ARM.attributes
                0x0000000000000116       0x33 Src/stm32f103x8_USART_driver.o
 .ARM.attributes
                0x0000000000000149       0x33 Src/stm32f103x8_gpio_driver.o
 .ARM.attributes
                0x000000000000017c       0x21 Startup/startup_stm32f103c8tx.o
 .ARM.attributes
                0x000000000000019d       0x2d c:/st/stm32cubeide_1.4.0/stm32cubeide/plugins/com.st.stm32cube.ide.mcu.externaltools.gnu-tools-for-stm32.7-2018-q2-update.win32_1.4.0.202007081208/tools/bin/../lib/gcc/arm-none-eabi/7.3.1/../../../../arm-none-eabi/lib/thumb/v7-m\libc_nano.a(lib_a-init.o)
 .ARM.attributes
                0x00000000000001ca       0x1d c:/st/stm32cubeide_1.4.0/stm32cubeide/plugins/com.st.stm32cube.ide.mcu.externaltools.gnu-tools-for-stm32.7-2018-q2-update.win32_1.4.0.202007081208/tools/bin/../lib/gcc/arm-none-eabi/7.3.1/thumb/v7-m/crtn.o
OUTPUT(ARM_MasterClass_session2.axf elf32-littlearm)

.debug_info     0x0000000000000000     0x505e
 .debug_info    0x0000000000000000      0xb95 Src/main.o
 .debug_info    0x0000000000000b95      0xc59 Src/stm32f103x8_EXTI_driver.o
 .debug_info    0x00000000000017ee     0x119b Src/stm32f103x8_I2C_Drver.o
 .debug_info    0x0000000000002989      0xdbc Src/stm32f103x8_SPI_Drver.o
 .debug_info    0x0000000000003745      0xcc1 Src/stm32f103x8_USART_driver.o
 .debug_info    0x0000000000004406      0xc36 Src/stm32f103x8_gpio_driver.o
 .debug_info    0x000000000000503c       0x22 Startup/startup_stm32f103c8tx.o

.debug_abbrev   0x0000000000000000      0xdbd
 .debug_abbrev  0x0000000000000000      0x210 Src/main.o
 .debug_abbrev  0x0000000000000210      0x21d Src/stm32f103x8_EXTI_driver.o
 .debug_abbrev  0x000000000000042d      0x2c0 Src/stm32f103x8_I2C_Drver.o
 .debug_abbrev  0x00000000000006ed      0x233 Src/stm32f103x8_SPI_Drver.o
 .debug_abbrev  0x0000000000000920      0x24c Src/stm32f103x8_USART_driver.o
 .debug_abbrev  0x0000000000000b6c      0x23f Src/stm32f103x8_gpio_driver.o
 .debug_abbrev  0x0000000000000dab       0x12 Startup/startup_stm32f103c8tx.o

.debug_aranges  0x0000000000000000      0x2d0
 .debug_aranges
                0x0000000000000000       0x70 Src/main.o
 .debug_aranges
                0x0000000000000070       0x80 Src/stm32f103x8_EXTI_driver.o
 .debug_aranges
                0x00000000000000f0       0xa0 Src/stm32f103x8_I2C_Drver.o
 .debug_aranges
                0x0000000000000190       0x58 Src/stm32f103x8_SPI_Drver.o
 .debug_aranges
                0x00000000000001e8       0x60 Src/stm32f103x8_USART_driver.o
 .debug_aranges
                0x0000000000000248       0x60 Src/stm32f103x8_gpio_driver.o
 .debug_aranges
                0x00000000000002a8       0x28 Startup/startup_stm32f103c8tx.o

.debug_ranges   0x0000000000000000      0x268
 .debug_ranges  0x0000000000000000       0x60 Src/main.o
 .debug_ranges  0x0000000000000060       0x70 Src/stm32f103x8_EXTI_driver.o
 .debug_ranges  0x00000000000000d0       0x90 Src/stm32f103x8_I2C_Drver.o
 .debug_ranges  0x0000000000000160       0x48 Src/stm32f103x8_SPI_Drver.o
 .debug_ranges  0x00000000000001a8       0x50 Src/stm32f103x8_USART_driver.o
 .debug_ranges  0x00000000000001f8       0x50 Src/stm32f103x8_gpio_driver.o
 .debug_ranges  0x0000000000000248       0x20 Startup/startup_stm32f103c8tx.o

.debug_macro    0x0000000000000000     0x1d36
 .debug_macro   0x0000000000000000      0x26a Src/main.o
 .debug_macro   0x000000000000026a       0x8e Src/main.o
 .debug_macro   0x00000000000002f8       0x51 Src/main.o
 .debug_macro   0x0000000000000349       0x46 Src/main.o
 .debug_macro   0x000000000000038f       0x1c Src/main.o
 .debug_macro   0x00000000000003ab       0x35 Src/main.o
 .debug_macro   0x00000000000003e0       0x10 Src/main.o
 .debug_macro   0x00000000000003f0       0x10 Src/main.o
 .debug_macro   0x0000000000000400       0x1c Src/main.o
 .debug_macro   0x000000000000041c       0x52 Src/main.o
 .debug_macro   0x000000000000046e       0x40 Src/main.o
 .debug_macro   0x00000000000004ae       0x10 Src/main.o
 .debug_macro   0x00000000000004be       0x40 Src/main.o
 .debug_macro   0x00000000000004fe       0xd7 Src/main.o
 .debug_macro   0x00000000000005d5       0x1c Src/main.o
 .debug_macro   0x00000000000005f1       0x3d Src/main.o
 .debug_macro   0x000000000000062e       0x16 Src/main.o
 .debug_macro   0x0000000000000644      0x145 Src/main.o
 .debug_macro   0x0000000000000789      0x6be Src/main.o
 .debug_macro   0x0000000000000e47       0xd0 Src/main.o
 .debug_macro   0x0000000000000f17       0x40 Src/main.o
 .debug_macro   0x0000000000000f57      0x22e Src/main.o
 .debug_macro   0x0000000000001185       0xe8 Src/main.o
 .debug_macro   0x000000000000126d       0xcb Src/main.o
 .debug_macro   0x0000000000001338       0x67 Src/main.o
 .debug_macro   0x000000000000139f      0x152 Src/stm32f103x8_EXTI_driver.o
 .debug_macro   0x00000000000014f1      0x228 Src/stm32f103x8_EXTI_driver.o
 .debug_macro   0x0000000000001719      0x15d Src/stm32f103x8_I2C_Drver.o
 .debug_macro   0x0000000000001876      0x16b Src/stm32f103x8_SPI_Drver.o
 .debug_macro   0x00000000000019e1       0xc5 Src/stm32f103x8_SPI_Drver.o
 .debug_macro   0x0000000000001aa6      0x151 Src/stm32f103x8_USART_driver.o
 .debug_macro   0x0000000000001bf7      0x13f Src/stm32f103x8_gpio_driver.o

.debug_line     0x0000000000000000     0x29a1
 .debug_line    0x0000000000000000      0x736 Src/main.o
 .debug_line    0x0000000000000736      0x6e2 Src/stm32f103x8_EXTI_driver.o
 .debug_line    0x0000000000000e18      0x7d0 Src/stm32f103x8_I2C_Drver.o
 .debug_line    0x00000000000015e8      0x692 Src/stm32f103x8_SPI_Drver.o
 .debug_line    0x0000000000001c7a      0x663 Src/stm32f103x8_USART_driver.o
 .debug_line    0x00000000000022dd      0x640 Src/stm32f103x8_gpio_driver.o
 .debug_line    0x000000000000291d       0x84 Startup/startup_stm32f103c8tx.o

.debug_str      0x0000000000000000     0xd7bd
 .debug_str     0x0000000000000000     0xcc1b Src/main.o
                                       0xcea1 (size before relaxing)
 .debug_str     0x000000000000cc1b      0x22a Src/stm32f103x8_EXTI_driver.o
                                       0xacb3 (size before relaxing)
 .debug_str     0x000000000000ce45      0x46f Src/stm32f103x8_I2C_Drver.o
                                       0x9e71 (size before relaxing)
 .debug_str     0x000000000000d2b4      0x27e Src/stm32f103x8_SPI_Drver.o
                                       0x9f81 (size before relaxing)
 .debug_str     0x000000000000d532      0x15a Src/stm32f103x8_USART_driver.o
                                       0x9f7f (size before relaxing)
 .debug_str     0x000000000000d68c      0x100 Src/stm32f103x8_gpio_driver.o
                                       0x985c (size before relaxing)
 .debug_str     0x000000000000d78c       0x31 Startup/startup_stm32f103c8tx.o
                                         0x7e (size before relaxing)

.comment        0x0000000000000000       0x7b
 .comment       0x0000000000000000       0x7b Src/main.o
                                         0x7c (size before relaxing)
 .comment       0x000000000000007b       0x7c Src/stm32f103x8_EXTI_driver.o
 .comment       0x000000000000007b       0x7c Src/stm32f103x8_I2C_Drver.o
 .comment       0x000000000000007b       0x7c Src/stm32f103x8_SPI_Drver.o
 .comment       0x000000000000007b       0x7c Src/stm32f103x8_USART_driver.o
 .comment       0x000000000000007b       0x7c Src/stm32f103x8_gpio_driver.o

.debug_frame    0x0000000000000000      0x9e4
 .debug_frame   0x0000000000000000      0x174 Src/main.o
 .debug_frame   0x0000000000000174      0x1b0 Src/stm32f103x8_EXTI_driver.o
 .debug_frame   0x0000000000000324      0x288 Src/stm32f103x8_I2C_Drver.o
 .debug_frame   0x00000000000005ac      0x148 Src/stm32f103x8_SPI_Drver.o
 .debug_frame   0x00000000000006f4      0x14c Src/stm32f103x8_USART_driver.o
 .debug_frame   0x0000000000000840      0x178 Src/stm32f103x8_gpio_driver.o
 .debug_frame   0x00000000000009b8       0x2c c:/st/stm32cubeide_1.4.0/stm32cubeide/plugins/com.st.stm32cube.ide.mcu.externaltools.gnu-tools-for-stm32.7-2018-q2-update.win32_1.4.0.202007081208/tools/bin/../lib/gcc/arm-none-eabi/7.3.1/../../../../arm-none-eabi/lib/thumb/v7-m\libc_nano.a(lib_a-init.o)
